<<<<<<< HEAD
                                                                                
                                                                                
                                                                                
                                                                                
                                                                                
                             XX                   X                             
                         XXXX    XX          XXX XX  XX                         
                         XXX XX  XX          XXXX    XX                         
                              X                  XX                             
                                                                                
                                                                                
                                                                                
                                XX            XX                                
                                XX            XX                                
                                                                                
                                           XXX                                  
                                          X                                     
                                          X  X                                  
                                           XX                                   
                                                                                
                                                                                
                                                                                
                                                                                
                                                                                
=======
                                                                                
                                                                                
                                                                                
                                                                                
                                                                                
                             XX                   X                             
                         XXXX    XX          XXX XX  XX                         
                         XXX XX  XX          XXXX    XX                         
                              X                  XX                             
                                                                                
                                                                                
                                                                                
                                XX            XX                                
                                XX            XX                                
                                                                                
                                           XXX                                  
                                          X                                     
                                          X  X                                  
                                           XX                                   
                                                                                
                                                                                
                                                                                
                                                                                
                                                                                
>>>>>>> 53fda62ef34e4bb603d7d0996990410b8d5051c9
